Converted local file to data URL: test.jpg

------------------------------------------------------------------------
  TRIAGE PIPELINE TEST
------------------------------------------------------------------------
  Location:    Singapore
  Description: Description
  Image Path:  test.jpg -> data URL
------------------------------------------------------------------------


========================================================================
  1 > VISION AGENT  (VisionOutput)
========================================================================
{
  "signals": {
    "fire_or_flames": {
      "present": false,
      "confidence": 0.01
    },
    "smoke": {
      "present": false,
      "confidence": 0.01
    },
    "injury_or_blood": {
      "present": false,
      "confidence": 0.01
    },
    "weapon_visible": {
      "present": false,
      "confidence": 0.01
    },
    "physical_fight": {
      "present": false,
      "confidence": 0.01
    },
    "large_crowd": {
      "present": false,
      "confidence": 0.05
    },
    "vehicle_crash": {
      "present": false,
      "confidence": 0.01
    },
    "road_obstruction": {
      "present": false,
      "confidence": 0.01
    },
    "infrastructure_damage": {
      "present": false,
      "confidence": 0.05
    }
  },
  "vision_severity_hint": {
    "level": "none"
  },
  "scene_summary": {
    "brief": "Indoor tabletop scene showing a Go/Baduk board with black and white stones on a wooden table. No visible hazards or signs of an incident.",
    "environment": "indoor",
    "activity": "tabletop board game",
    "people_visible": false
  },
  "uncertainties": [
    {
      "aspect": "presence_of_people_outside_frame",
      "detail": "Shadows suggest people may be nearby but they are not visible, and there is no indication of any safety issue."
    }
  ],
  "recommended_followups": [],
  "privacy_flags": {
    "faces_visible": false,
    "license_plates_visible": false,
    "sensitive_text_visible": false
  }
}

========================================================================
  2 > METADATA AGENT  (MetadataOutput)
========================================================================
{
  "capture_timestamp": "2026-01-05T16:03:19",
  "gps_coordinates": {
    "lat": 1.351907,
    "lng": 103.686024,
    "alt_m": null
  },
  "device_make": "samsung",
  "device_model": "Galaxy S23 Ultra",
  "location_matches_report": true,
  "timestamp_plausibility": "PLAUSIBLE",
  "flags": [],
  "metadata_summary": "Image was captured on a Samsung Galaxy S23 Ultra in Singapore with valid GPS data and a plausible capture timestamp."
}

========================================================================
  3 > TEXT TRIAGE AGENT  (TextTriageOutput)
========================================================================
{
  "incident_type": "OTHER",
  "severity": "LOW",
  "confidence": 0.96,
  "rationale": "The description is non-specific and the image only shows an indoor board game setup with no visible hazards, injuries, fire, or conflict. There are no safety, medical, or public order issues indicated in the visual or metadata signals.",
  "missing_questions": [
    "Can you clarify what incident or concern you are trying to report related to this scene?",
    "Is anyone at the location injured, unwell, or in need of assistance?",
    "Is there any threat, disturbance, or unsafe behaviour occurring off-camera that is not visible in the image?"
  ],
  "suggested_actions": [
    "If there is no actual safety or medical issue, no action is required.",
    "If you do have a specific concern (e.g. disturbance, medical issue), please describe it clearly including what is happening and who is affected.",
    "If a non-urgent matter arises (e.g. noise or minor dispute), consider contacting the relevant property management or non-emergency channels.",
    "If any minor concern develops, move to a safe area and monitor the situation before deciding if authorities are needed."
  ]
}

========================================================================
  4 > FINAL TRIAGE AGENT  (FinalTriageOutput)
========================================================================
{
  "incident_type": "OTHER",
  "final_severity": "HIGH",
  "confidence": 0.96,
  "routing_target": "NEEDS_USER_CONFIRMATION",
  "user_next_steps": [
    "If there is an actual emergency (fire, serious injury, violence, or crime in progress), call the appropriate emergency number immediately.",
    "If there is no real safety, medical, or public order issue, no action is required.",
    "If you do have a specific concern (e.g. disturbance, medical issue), describe clearly what is happening, who is affected, and whether it is ongoing.",
    "If it is a minor or non-urgent matter, consider contacting property management, building security, or other non-emergency channels instead.",
    "Move to or remain in a safe location while you decide whether authorities are needed."
  ],
  "followup_questions": [
    "Can you clarify what incident or concern you are trying to report related to this scene?",
    "Is anyone at the location injured, unwell, or in need of assistance?",
    "Is there any threat, disturbance, or unsafe behaviour occurring off-camera that is not visible in the image?"
  ],
  "responder_summary": "Reported from Singapore with an indoor tabletop board-game scene and no visible hazards, injuries, fire, smoke, weapons, or conflict. Current classification: OTHER, tool-adjusted to HIGH severity based on text cues despite low visual risk. No clear incident type or threat has been articulated; situation and any off-camera issues remain unclear.",
  "applied_overrides": [
    "Text rationale contains emergency cues \u2192 min HIGH"
  ]
}

========================================================================
  Pipeline executed in 31.4325 seconds
========================================================================

final = FinalTriageOutput(incident_type='OTHER', final_severity='HIGH', confidence=0.96, routing_target='NEEDS_USER_CONFIRMATION', user_next_steps=['If there is an actual emergency (fire, serious injury, violence, or crime in progress), call the appropriate emergency number immediately.', 'If there is no real safety, medical, or public order issue, no action is required.', 'If you do have a specific concern (e.g. disturbance, medical issue), describe clearly what is happening, who is affected, and whether it is ongoing.', 'If it is a minor or non-urgent matter, consider contacting property management, building security, or other non-emergency channels instead.', 'Move to or remain in a safe location while you decide whether authorities are needed.'], followup_questions=['Can you clarify what incident or concern you are trying to report related to this scene?', 'Is anyone at the location injured, unwell, or in need of assistance?', 'Is there any threat, disturbance, or unsafe behaviour occurring off-camera that is not visible in the image?'], responder_summary='Reported from Singapore with an indoor tabletop board-game scene and no visible hazards, injuries, fire, smoke, weapons, or conflict. Current classification: OTHER, tool-adjusted to HIGH severity based on text cues despite low visual risk. No clear incident type or threat has been articulated; situation and any off-camera issues remain unclear.', applied_overrides=['Text rationale contains emergency cues ΓåÆ min HIGH'])

metadata = MetadataOutput(capture_timestamp='2026-01-05T16:03:19', gps_coordinates={'lat': 1.351907, 'lng': 103.686024, 'alt_m': None}, device_make='samsung', device_model='Galaxy S23 Ultra', location_matches_report=True, timestamp_plausibility='PLAUSIBLE', flags=[], metadata_summary='Image was captured on a Samsung Galaxy S23 Ultra in Singapore with valid GPS data and a plausible capture timestamp.')

